[www.elsevier.com/events/conferences/international-brain-stimulation-conference.html]
[cdn.optimizely.com/js/269842467.js]
[cdn.elsevier.io/verona/includes/favicons/apple-touch-icon-57x57.png]
[cdn.elsevier.io/verona/includes/favicons/apple-touch-icon-114x114.png]
[cdn.elsevier.io/verona/includes/favicons/apple-touch-icon-72x72.png]
[cdn.elsevier.io/verona/includes/favicons/apple-touch-icon-144x144.png]
[cdn.elsevier.io/verona/includes/favicons/apple-touch-icon-60x60.png]
[cdn.elsevier.io/verona/includes/favicons/apple-touch-icon-120x120.png]
[cdn.elsevier.io/verona/includes/favicons/apple-touch-icon-76x76.png]
[cdn.elsevier.io/verona/includes/favicons/apple-touch-icon-152x152.png]
[cdn.elsevier.io/verona/includes/favicons/apple-touch-icon-180x180.png]
[cdn.elsevier.io/verona/includes/favicons/favicon-192x192.png]
[cdn.elsevier.io/verona/includes/favicons/favicon-160x160.png]
[cdn.elsevier.io/verona/includes/favicons/favicon-96x96.png]
[cdn.elsevier.io/verona/includes/favicons/favicon-16x16.png]
[cdn.elsevier.io/verona/includes/favicons/favicon-32x32.png]
[backblue.gif]
[fade.gif]
[index.html]
[cdn.elsevier.io/verona/ui/1.16.0/mercutio.min.css]
[cdn.elsevier.io/matrix/ui/1.20.3/matrix.css]
[cdn.elsevier.io/verona/includes/vendor/jquery-2.1.4/jquery.min.js]
[cdn.elsevier.io/verona/includes/vendor/foundation-5.5.1/foundation.min.js]
[cdn.elsevier.io/verona/ui/1.16.0/mercutio.js]
[cdn.elsevier.io/matrix/ui/1.20.3/scripts-top.js]
[assets.adobedtm.com/376c5346e33126fdb6b2dbac81e307cbacfd7935/satelliteLib-203157332f7df01b28142e8c867d6813bc4995aa.js]
[checkout.elsevier.com/stylesheets/cart_widget.css]
[www.elsevier.com/__data/assets/image/0013/502132/Brain-Stimulation-Masthead-1000x130-ver1.jpg]
[www.elsevier.com/events/conferences/international-brain-stimulation-conference/about.html]
[www.elsevier.com/events/conferences/international-brain-stimulation-conference/programme.html]
[www.elsevier.com/events/conferences/international-brain-stimulation-conference/exhibitors-and-sponsors.html]
[www.elsevier.com/events/conferences/international-brain-stimulation-conference/location.html]
[www.elsevier.com/events/conferences/international-brain-stimulation-conference/register.html]
[www.elsevier.com/events/conferences/international-brain-stimulation-conference/submit-abstract.html]
[www.elsevier.com/events/conferences/international-brain-stimulation-conference/about/call-for-symposia.html]
[www.elsevier.com/events/conferences/international-brain-stimulation-conference/programme/speakers.html]
[www.elsevier.com/events/conferences/international-brain-stimulation-conference/about/brain-stimulation-award.html]
[www.elsevier.com/events/conferences/international-brain-stimulation-conference/about/young-investigator-travel-award.html]
[www.elsevier.com/events/conferences/international-brain-stimulation-conference/about/poster-award.html]
[www.elsevier.com/events/conferences/international-brain-stimulation-conference/exhibitors-and-sponsors/sponsored-workshops.html]
[www.elsevier.com/events/conferences/international-brain-stimulation-conference/about/related-events.html]
[www.elsevier.com/events/conferences/international-brain-stimulation-conference/programme/conference-dinner.html]
[www.elsevier.com/events/conferences/international-brain-stimulation-conference/about/supporting-publications.html]
[www.elsevier.com/__data/assets/image/0005/569597/brain-stim-journal-1.jpg]
[www.elsevier.com/events/conferences/international-brain-stimulation-conference/exhibitors-and-sponsors/sponsors.html]
[www.elsevier.com/__data/assets/image/0004/561109/neurostar-sm.png]
[www.elsevier.com/__data/assets/image/0010/736219/magstim.png]
[www.elsevier.com/__data/assets/image/0008/784772/brainway-logo.jpg]
[www.elsevier.com/__data/assets/image/0010/563905/mecta.jpg]
[www.elsevier.com/__data/assets/image/0004/787819/brain-ultimate-sm.jpg]
[www.elsevier.com/__data/assets/image/0010/818911/magven.jpg]
[www.elsevier.com/__data/assets/image/0004/796450/nexstim.jpg]
[www.elsevier.com/__data/assets/image/0011/759233/profile-rogue-research.jpg]
[www.elsevier.com/__data/assets/image/0008/569600/rogue-sm.jpg]
[www.elsevier.com/__data/assets/image/0009/227097/magstim-sm.jpg]
[www.elsevier.com/__data/assets/image/0008/536264/neuroelectrics.jpg]
[www.elsevier.com/__data/assets/image/0005/564188/neurosoft.jpg]
[www.elsevier.com/__data/assets/image/0003/228477/rogue-resolutions-sm.jpg]
[www.elsevier.com/__data/assets/image/0018/617013/soterix-medical.jpg]
[www.elsevier.com/__data/assets/image/0006/789648/vielight.jpg]
[www.elsevier.com/__data/assets/image/0009/763542/ybrain-logo-sm.jpg]
[www.elsevier.com/__data/assets/image/0009/784773/alphaomega-logo.jpg]
[www.elsevier.com/events/conferences/international-brain-stimulation-conference/exhibitors-and-sponsors/exhibitors.html]
[www.elsevier.com/__data/assets/image/0004/798763/APHASTIM-BG.jpg]
[www.elsevier.com/__data/assets/image/0010/711991/axilum.jpg]
[www.elsevier.com/__data/assets/image/0010/544915/ced-sm.jpg]
[www.elsevier.com/__data/assets/image/0005/561119/clinical-tms-sm.png]
[www.elsevier.com/__data/assets/image/0004/779701/Deymed.jpg]
[www.elsevier.com/__data/assets/image/0012/799077/ebneuro.jpg]
[www.elsevier.com/__data/assets/image/0007/784771/furuya-logo.jpg]
[www.elsevier.com/__data/assets/image/0009/828747/g-tec-sm.jpg]
[www.elsevier.com/__data/assets/image/0008/645767/Genomind.jpg]
[www.elsevier.com/__data/assets/image/0008/827306/ifcn.jpg]
[www.elsevier.com/__data/assets/image/0009/827307/inosphere.jpg]
[www.elsevier.com/__data/assets/image/0009/739152/localite-sm.jpg]
[www.elsevier.com/__data/assets/image/0007/536263/neurocare.jpg]
[www.elsevier.com/__data/assets/image/0007/778462/nmr-sm.jpg]
[www.elsevier.com/__data/assets/image/0011/759746/neurophet.jpg]
[www.elsevier.com/__data/assets/image/0006/815604/philips.jpg]
[www.elsevier.com/__data/assets/image/0020/228260/profile-remed.jpg]
[www.elsevier.com/__data/assets/image/0006/735504/sooma.png]
[www.elsevier.com/__data/assets/image/0008/794564/tms-app.jpg]
[cdn.elsevier.io/matrix/ui/1.20.3/vendor.js]
[cdn.elsevier.io/matrix/ui/1.20.3/scripts-bottom.js]
[www.elsevier.com/events/conferences/international-brain-stimulation-conference.html]
[www.googletagmanager.com/gtm5445.html]
[cdn.elsevier.io/verona/ui/1.16.0/mercutio.min.css]
[cdn.elsevier.io/matrix/ui/1.20.3/matrix.css]
[checkout.elsevier.com/javascripts/cart_widget.js]
[www.elsevier.com/events/conferences/get]
[assets.adobedtm.com/376c5346e33126fdb6b2dbac81e307cbacfd7935/satelliteLib-203157332f7df01b28142e8c867d6813bc4995aa.js]
[checkout.elsevier.com/stylesheets/cart_widget.css]
[www.elsevier.com/events/conferences/international-brain-stimulation-conference/about/history.html]
[www.elsevier.com/__data/assets/image/0009/228852/bio-george.jpg]
[www.elsevier.com/__data/assets/image/0004/228865/bio-sackeim.jpg]
[www.elsevier.com/__data/assets/image/0011/228863/bio-rothwell.jpg]
[www.elsevier.com/__data/assets/image/0005/731273/brain_Placeholder.jpg]
[www.elsevier.com/__data/assets/image/0005/228866/bio-valls-sole.jpg]
[www.elsevier.com/__data/assets/image/0018/229131/bio-ziemann.jpg]
[www.elsevier.com/__data/assets/image/0007/228850/bio-fitzgerald.jpg]
[www.elsevier.com/__data/assets/image/0007/227185/bio-bikson.jpg]
[www.elsevier.com/__data/assets/image/0008/737495/zelma-kiss.jpg]
[www.elsevier.com/__data/assets/image/0008/228860/bio-nudo.jpg]
[www.elsevier.com/__data/assets/image/0018/731133/Martha-Morell.jpg]
[www.elsevier.com/events/conferences/international-brain-stimulation-conference/about.html]
[www.elsevier.com/events/conferences/international-brain-stimulation-conference/programme.html]
[www.elsevier.com/events/conferences/international-brain-stimulation-conference/exhibitors-and-sponsors.html]
[www.elsevier.com/events/conferences/international-brain-stimulation-conference/location/accommodation.html]
[www.elsevier.com/events/conferences/international-brain-stimulation-conference/location.html]
[www.elsevier.com/events/conferences/international-brain-stimulation-conference/location/visa-information.html]
[www.elsevier.com/__data/assets/image/0004/228253/neuroelectrics-sm.jpg]
[www.elsevier.com/__data/assets/image/0010/228259/neurosoft-sm.jpg]
[www.elsevier.com/events/conferences/international-brain-stimulation-conference/register.html]
[www.elsevier.com/events/conferences/international-brain-stimulation-conference/submit-abstract.html]
[www.elsevier.com/events/conferences/international-brain-stimulation-conference/about/call-for-symposia.html]
[www.elsevier.com/__data/assets/image/0010/800398/Airan.jpg]
[www.elsevier.com/__data/assets/image/0008/737063/Til-Ole-Bergmann.jpg]
[www.elsevier.com/__data/assets/image/0009/800397/bio-boyden.jpg]
[www.elsevier.com/__data/assets/image/0020/822062/Mark-Hallett.jpg]
[www.elsevier.com/__data/assets/image/0007/786472/bio-jancke.jpg]
[www.elsevier.com/__data/assets/image/0006/824325/Lucas.jpg]
[www.elsevier.com/__data/assets/image/0005/752549/Thibaut.jpg]
[www.elsevier.com/events/conferences/international-brain-stimulation-conference/programme/speakers.html]
[www.elsevier.com/__data/assets/image/0010/803917/Hallett.png]
[www.elsevier.com/events/conferences/international-brain-stimulation-conference/about/brain-stimulation-award.html]
[www.elsevier.com/events/conferences/international-brain-stimulation-conference/about/young-investigator-travel-award.html]
[www.elsevier.com/events/conferences/international-brain-stimulation-conference/about/poster-award.html]
[www.elsevier.com/events/conferences/international-brain-stimulation-conference/exhibitors-and-sponsors/sponsored-workshops.html]
[www.elsevier.com/__data/assets/image/0006/758499/ins19_BANNER_728X90.jpg]
[www.elsevier.com/__data/assets/image/0005/758498/WSSFN_banner_728x227.jpg]
[www.elsevier.com/__data/assets/image/0006/759228/25368_BrainBox-conference-banner.png]
[www.elsevier.com/__data/assets/image/0004/820714/CTMSS-Brain-Stimulation-Conference-Banner.jpg]
[www.elsevier.com/events/conferences/international-brain-stimulation-conference/about/related-events.html]
[www.elsevier.com/__data/assets/image/0008/600929/image-1.jpg]
[www.elsevier.com/__data/assets/image/0018/600930/dinner-image2.jpg]
[www.elsevier.com/__data/assets/image/0019/600931/dinner-image3.jpg]
[www.elsevier.com/__data/assets/image/0004/600934/dinner-image4.jpg]
[www.elsevier.com/__data/assets/image/0005/600935/dinner-image5.jpg]
[www.elsevier.com/__data/assets/image/0006/600936/dinner-image6.jpg]
[www.elsevier.com/events/conferences/international-brain-stimulation-conference/programme/conference-dinner.html]
[www.elsevier.com/events/conferences/international-brain-stimulation-conference/about/supporting-publications.html]
[www.elsevier.com/__data/assets/image/0003/561099/neurostar.png]
[www.elsevier.com/__data/assets/image/0009/787806/brain-ultimate.jpg]
[www.elsevier.com/__data/assets/image/0008/227096/magstim.jpg]
[www.elsevier.com/events/conferences/international-brain-stimulation-conference/exhibitors-and-sponsors/sponsors.html]
[www.elsevier.com/__data/assets/image/0015/561120/clinical-tms.png]
[www.elsevier.com/__data/assets/image/0006/815595/27257_GMC_Wordmark_2008_RGB.jpg]
[www.elsevier.com/__data/assets/image/0004/729292/remed.jpg]
[www.elsevier.com/events/conferences/international-brain-stimulation-conference/exhibitors-and-sponsors/exhibitors.html]
[www.elsevier.com/events/conferences/get.html]
[www.elsevier.com/events/conferences/international-brain-stimulation-conference/programme/speakers/bio-barker.html]
[www.elsevier.com/events/conferences/international-brain-stimulation-conference/programme/speakers/bio-bikson.html]
[www.elsevier.com/events/conferences/international-brain-stimulation-conference/programme/speakers/bio-bikson2.html]
[www.elsevier.com/events/conferences/international-brain-stimulation-conference/programme/speakers/bio-george.html]
[www.elsevier.com/events/conferences/international-brain-stimulation-conference/programme/speakers/bio-lozano.html]
[www.elsevier.com/events/conferences/international-brain-stimulation-conference/programme/speakers/bio-nudo.html]
[www.elsevier.com/events/conferences/international-brain-stimulation-conference/programme/speakers/bio-rothwell.html]
[www.elsevier.com/events/conferences/international-brain-stimulation-conference/programme/speakers/bio-sackeim.html]
[www.elsevier.com/events/conferences/international-brain-stimulation-conference/programme/speakers/bio-valls-sole.html]
[www.elsevier.com/events/conferences/international-brain-stimulation-conference/about/history.html]
[www.elsevier.com/events/conferences/international-brain-stimulation-conference/programme/speakers/bio-ziemann.html]
[www.elsevier.com/__data/assets/image/0005/603275/accommodation-2.jpg]
[www.elsevier.com/__data/assets/image/0004/603274/accommodation-1.jpg]
[www.elsevier.com/__data/assets/image/0006/603276/accommodation-3.jpg]
[www.elsevier.com/__data/assets/image/0008/603278/accommodation-4.jpg]
[www.elsevier.com/__data/assets/image/0007/603277/accommodation-5.jpg]
[www.elsevier.com/__data/assets/image/0003/614946/accommodation-6.jpg]
[www.elsevier.com/__data/assets/image/0011/614945/accommodation-7.jpg]
[www.elsevier.com/__data/assets/image/0007/614941/accommodation-10.jpg]
[www.elsevier.com/__data/assets/image/0008/614942/accommodation-9.jpg]
[www.elsevier.com/__data/assets/image/0010/778222/delta-marriott-1.jpg]
[www.elsevier.com/__data/assets/image/0009/778221/delta-marriott-2.jpg]
[www.elsevier.com/__data/assets/image/0008/778220/delta-marriott-3.jpg]
[www.elsevier.com/__data/assets/image/0007/778219/delta-marriott-4.jpg]
[www.elsevier.com/__data/assets/image/0006/778218/delta-marriott-5.jpg]
[www.elsevier.com/__data/assets/image/0005/778217/delta-marriott-6.jpg]
[www.elsevier.com/__data/assets/image/0004/776623/Room_1.jpg]
[www.elsevier.com/__data/assets/image/0003/776622/King_Comfort_Room.jpg]
[www.elsevier.com/__data/assets/image/0010/776620/Exterior_9.jpg]
[www.elsevier.com/__data/assets/image/0011/776621/Hotel_Lobby_10.jpg]
[www.elsevier.com/__data/assets/image/0009/776619/Exterior_1.jpg]
[www.elsevier.com/events/conferences/international-brain-stimulation-conference/location/accommodation.html]
[www.elsevier.com/events/conferences/international-brain-stimulation-conference/location/visa-information.html]
[www.elsevier.com/__data/assets/image/0017/245006/bio-barker.jpg]
[www.elsevier.com/events/conferences/international-brain-stimulation-conference/programme/speakers/bio-barker.html]
[www.elsevier.com/events/conferences/international-brain-stimulation-conference/programme/speakers/bio-bikson.html]
[www.elsevier.com/events/conferences/international-brain-stimulation-conference/programme/speakers/bio-bikson2.html]
[www.elsevier.com/events/conferences/international-brain-stimulation-conference/programme/speakers/bio-george.html]
[www.elsevier.com/__data/assets/image/0003/228855/bio-lozano.jpg]
[www.elsevier.com/events/conferences/international-brain-stimulation-conference/programme/speakers/bio-lozano.html]
[www.elsevier.com/events/conferences/international-brain-stimulation-conference/programme/speakers/bio-nudo.html]
[www.elsevier.com/events/conferences/international-brain-stimulation-conference/programme/speakers/bio-rothwell.html]
[www.elsevier.com/events/conferences/international-brain-stimulation-conference/programme/speakers/bio-sackeim.html]
[www.elsevier.com/events/conferences/international-brain-stimulation-conference/programme/speakers/bio-valls-sole.html]
[www.elsevier.com/events/conferences/international-brain-stimulation-conference/programme/speakers/bio-ziemann.html]
